#
# There is insufficient memory for the Java Runtime Environment to continue.
# Native memory allocation (malloc) failed to allocate 876112 bytes. Error detail: Chunk::new
# Possible reasons:
#   The system is out of physical RAM or swap space
#   This process is running with CompressedOops enabled, and the Java Heap may be blocking the growth of the native heap
# Possible solutions:
#   Reduce memory load on the system
#   Increase physical memory or swap space
#   Check if swap backing store is full
#   Decrease Java heap size (-Xmx/-Xms)
#   Decrease number of Java threads
#   Decrease Java thread stack sizes (-Xss)
#   Set larger code cache with -XX:ReservedCodeCacheSize=
#   JVM is running with Unscaled Compressed Oops mode in which the Java heap is
#     placed in the first 4GB address space. The Java Heap base address is the
#     maximum limit for the native heap growth. Please use -XX:HeapBaseMinAddress
#     to set the Java Heap base and to place the Java Heap above 4GB virtual address.
# This output file may be truncated or incomplete.
#
#  Out of Memory Error (arena.cpp:162), pid=1548, tid=3616
#
# JRE version: Java(TM) SE Runtime Environment (24.0.1+9) (build 24.0.1+9-30)
# Java VM: Java HotSpot(TM) 64-Bit Server VM (24.0.1+9-30, mixed mode, sharing, tiered, compressed oops, compressed class ptrs, g1 gc, windows-amd64)
# No core dump will be written. Minidumps are not enabled by default on client versions of Windows
#

---------------  S U M M A R Y ------------

Command Line: -Dfile.encoding=UTF-8 -Ddb2.jcc.charsetDecoderEncoder=3 com.ibm.db2.server.DssLauncher 3000 off c:\Users\DELL 5490\AppData\Roaming\Code\logs\20260104T194217\window1\exthost\IBM.db2forzosdeveloperextension -Xmx256M

Host: Intel(R) Core(TM) i5-7300U CPU @ 2.60GHz, 4 cores, 7G,  Windows 10 , 64 bit Build 21996 (10.0.21996.1)
Time: Sun Jan  4 19:43:49 2026 Mauritius Standard Time elapsed time: 0.494334 seconds (0d 0h 0m 0s)

---------------  T H R E A D  ---------------

Current thread (0x0000017132be08a0):  JavaThread "C2 CompilerThread0" daemon [_thread_in_native, id=3616, stack(0x0000001427f00000,0x0000001428000000) (1024K)]


Current CompileTask:
C2:494  135   !   4       java.util.zip.ZipFile$Source::checkAndAddEntry (347 bytes)

Stack: [0x0000001427f00000,0x0000001428000000]
Native frames: (J=compiled Java code, j=interpreted, Vv=VM code, C=native code)
V  [jvm.dll+0x730739]  (no source info available)
V  [jvm.dll+0x8d9b23]  (no source info available)
V  [jvm.dll+0x8dc00d]  (no source info available)
V  [jvm.dll+0x8dc683]  (no source info available)
V  [jvm.dll+0x2aa086]  (no source info available)
V  [jvm.dll+0xcedef]  (no source info available)
V  [jvm.dll+0xcf04f]  (no source info available)
V  [jvm.dll+0x154d83]  (no source info available)
V  [jvm.dll+0x735f5f]  (no source info available)
V  [jvm.dll+0x26fa1c]  (no source info available)
V  [jvm.dll+0x26ea3f]  (no source info available)
V  [jvm.dll+0x1e9d60]  (no source info available)
V  [jvm.dll+0x27e1fb]  (no source info available)
V  [jvm.dll+0x27c49a]  (no source info available)
V  [jvm.dll+0x42f456]  (no source info available)
V  [jvm.dll+0x87d76b]  (no source info available)
V  [jvm.dll+0x72ee55]  (no source info available)
C  [ucrtbase.dll+0x26c0c]  (no source info available)
C  [KERNEL32.DLL+0x154e0]  (no source info available)
C  [ntdll.dll+0x485b]  (no source info available)

Lock stack of current Java thread (top to bottom):


---------------  P R O C E S S  ---------------

Threads class SMR info:
_java_thread_list=0x00000171780d41c0, length=12, elements={
0x000001711452d8b0, 0x0000017132bd7b60, 0x0000017132bdabe0, 0x0000017132bdd8b0,
0x0000017132bde3e0, 0x0000017132bdef10, 0x0000017132bdfa40, 0x0000017132be08a0,
0x0000017132be4f70, 0x0000017132c1fdf0, 0x0000017132c27150, 0x000001717820cde0
}

Java Threads: ( => current thread )
  0x000001711452d8b0 JavaThread "main"                              [_thread_in_Java, id=1752, stack(0x0000001427100000,0x0000001427200000) (1024K)]
  0x0000017132bd7b60 JavaThread "Reference Handler"          daemon [_thread_blocked, id=11252, stack(0x0000001427900000,0x0000001427a00000) (1024K)]
  0x0000017132bdabe0 JavaThread "Finalizer"                  daemon [_thread_blocked, id=4196, stack(0x0000001427a00000,0x0000001427b00000) (1024K)]
  0x0000017132bdd8b0 JavaThread "Signal Dispatcher"          daemon [_thread_blocked, id=15204, stack(0x0000001427b00000,0x0000001427c00000) (1024K)]
  0x0000017132bde3e0 JavaThread "Attach Listener"            daemon [_thread_blocked, id=5356, stack(0x0000001427c00000,0x0000001427d00000) (1024K)]
  0x0000017132bdef10 JavaThread "Service Thread"             daemon [_thread_blocked, id=7180, stack(0x0000001427d00000,0x0000001427e00000) (1024K)]
  0x0000017132bdfa40 JavaThread "Monitor Deflation Thread"   daemon [_thread_blocked, id=14388, stack(0x0000001427e00000,0x0000001427f00000) (1024K)]
=>0x0000017132be08a0 JavaThread "C2 CompilerThread0"         daemon [_thread_in_native, id=3616, stack(0x0000001427f00000,0x0000001428000000) (1024K)]
  0x0000017132be4f70 JavaThread "C1 CompilerThread0"         daemon [_thread_in_native, id=8344, stack(0x0000001428000000,0x0000001428100000) (1024K)]
  0x0000017132c1fdf0 JavaThread "Notification Thread"        daemon [_thread_blocked, id=9736, stack(0x0000001428100000,0x0000001428200000) (1024K)]
  0x0000017132c27150 JavaThread "Common-Cleaner"             daemon [_thread_blocked, id=1404, stack(0x0000001428200000,0x0000001428300000) (1024K)]
  0x000001717820cde0 JavaThread "C2 CompilerThread1"         daemon [_thread_in_native, id=14284, stack(0x0000001428300000,0x0000001428400000) (1024K)]
Total: 12

Other Threads:
  0x0000017132bc7060 VMThread "VM Thread"                           [id=8256, stack(0x0000001427800000,0x0000001427900000) (1024K)]
  0x0000017132bb8d80 WatcherThread "VM Periodic Task Thread"        [id=13328, stack(0x0000001427700000,0x0000001427800000) (1024K)]
  0x0000017116760b80 WorkerThread "GC Thread#0"                     [id=12108, stack(0x0000001427200000,0x0000001427300000) (1024K)]
  0x0000017116775680 ConcurrentGCThread "G1 Main Marker"            [id=11676, stack(0x0000001427300000,0x0000001427400000) (1024K)]
  0x0000017116776310 WorkerThread "G1 Conc#0"                       [id=14724, stack(0x0000001427400000,0x0000001427500000) (1024K)]
  0x0000017132a714b0 ConcurrentGCThread "G1 Refine#0"               [id=3840, stack(0x0000001427500000,0x0000001427600000) (1024K)]
  0x0000017132a721b0 ConcurrentGCThread "G1 Service"                [id=9592, stack(0x0000001427600000,0x0000001427700000) (1024K)]
Total: 7

Threads with active compile tasks:
C2 CompilerThread0  782  135   !   4       java.util.zip.ZipFile$Source::checkAndAddEntry (347 bytes)
C1 CompilerThread0  782  282       3       java.io.DataInputStream::readUTF (601 bytes)
C2 CompilerThread1  782  136       4       java.util.zip.ZipFile$Source::isMetaName (141 bytes)
Total: 3

VM state: not at safepoint (normal execution)

VM Mutex/Monitor currently owned by a thread: None

Heap address: 0x0000000082200000, size: 2014 MB, Compressed Oops mode: 32-bit

CDS archive(s) mapped at: [0x0000017133000000-0x0000017133d40000-0x0000017133d40000), size 13893632, SharedBaseAddress: 0x0000017133000000, ArchiveRelocationMode: 1.
Compressed class space mapped at: 0x0000017134000000-0x0000017174000000, reserved size: 1073741824
UseCompressedClassPointers 1, UseCompactObjectHeaders 0
Narrow klass pointer bits 32, Max shift 3
Narrow klass base: 0x0000017133000000, Narrow klass shift: 0
Encoding Range: [0x0000017133000000 - 0x0000017233000000), (4294967296 bytes)
Klass Range:    [0x0000017133000000 - 0x0000017174000000), (1090519040 bytes)
Klass ID Range:  [8 - 1090519033) (1090519025)

GC Precious Log:
 CardTable entry size: 512
 Card Set container configuration: InlinePtr #cards 5 size 8 Array Of Cards #cards 10 size 36 Howl #buckets 4 coarsen threshold 1843 Howl Bitmap #cards 512 size 80 coarsen threshold 460 Card regions per heap region 1 cards per card region 2048
 CPUs: 4 total, 4 available
 Memory: 8050M
 Large Page Support: Disabled
 NUMA Support: Disabled
 Compressed Oops: Enabled (32-bit)
 Heap Region Size: 1M
 Heap Min Capacity: 8M
 Heap Initial Capacity: 126M
 Heap Max Capacity: 2014M
 Pre-touch: Disabled
 Parallel Workers: 4
 Concurrent Workers: 1
 Concurrent Refinement Workers: 4
 Periodic GC: Disabled

Heap:
 garbage-first heap   total reserved 2062336K, committed 131072K, used 6260K [0x0000000082200000, 0x0000000100000000)
  region size 1024K, 5 young (5120K), 0 survivors (0K)
 Metaspace       used 913K, committed 1088K, reserved 1114112K
  class space    used 74K, committed 128K, reserved 1048576K

Heap Regions: E=young(eden), S=young(survivor), O=old, HS=humongous(starts), HC=humongous(continues), CS=collection set, F=free, TAMS=top-at-mark-start, PB=parsable bottom
|   0|0x0000000082200000, 0x0000000082300000, 0x0000000082300000|100%|HS|  |TAMS 0x0000000082200000| PB 0x0000000082200000| Complete |  0
|   1|0x0000000082300000, 0x0000000082300000, 0x0000000082400000|  0%| F|  |TAMS 0x0000000082300000| PB 0x0000000082300000| Untracked |  0
|   2|0x0000000082400000, 0x0000000082400000, 0x0000000082500000|  0%| F|  |TAMS 0x0000000082400000| PB 0x0000000082400000| Untracked |  0
|   3|0x0000000082500000, 0x0000000082500000, 0x0000000082600000|  0%| F|  |TAMS 0x0000000082500000| PB 0x0000000082500000| Untracked |  0
|   4|0x0000000082600000, 0x0000000082600000, 0x0000000082700000|  0%| F|  |TAMS 0x0000000082600000| PB 0x0000000082600000| Untracked |  0
|   5|0x0000000082700000, 0x0000000082700000, 0x0000000082800000|  0%| F|  |TAMS 0x0000000082700000| PB 0x0000000082700000| Untracked |  0
|   6|0x0000000082800000, 0x0000000082800000, 0x0000000082900000|  0%| F|  |TAMS 0x0000000082800000| PB 0x0000000082800000| Untracked |  0
|   7|0x0000000082900000, 0x0000000082900000, 0x0000000082a00000|  0%| F|  |TAMS 0x0000000082900000| PB 0x0000000082900000| Untracked |  0
|   8|0x0000000082a00000, 0x0000000082a00000, 0x0000000082b00000|  0%| F|  |TAMS 0x0000000082a00000| PB 0x0000000082a00000| Untracked |  0
|   9|0x0000000082b00000, 0x0000000082b00000, 0x0000000082c00000|  0%| F|  |TAMS 0x0000000082b00000| PB 0x0000000082b00000| Untracked |  0
|  10|0x0000000082c00000, 0x0000000082c00000, 0x0000000082d00000|  0%| F|  |TAMS 0x0000000082c00000| PB 0x0000000082c00000| Untracked |  0
|  11|0x0000000082d00000, 0x0000000082d00000, 0x0000000082e00000|  0%| F|  |TAMS 0x0000000082d00000| PB 0x0000000082d00000| Untracked |  0
|  12|0x0000000082e00000, 0x0000000082e00000, 0x0000000082f00000|  0%| F|  |TAMS 0x0000000082e00000| PB 0x0000000082e00000| Untracked |  0
|  13|0x0000000082f00000, 0x0000000082f00000, 0x0000000083000000|  0%| F|  |TAMS 0x0000000082f00000| PB 0x0000000082f00000| Untracked |  0
|  14|0x0000000083000000, 0x0000000083000000, 0x0000000083100000|  0%| F|  |TAMS 0x0000000083000000| PB 0x0000000083000000| Untracked |  0
|  15|0x0000000083100000, 0x0000000083100000, 0x0000000083200000|  0%| F|  |TAMS 0x0000000083100000| PB 0x0000000083100000| Untracked |  0
|  16|0x0000000083200000, 0x0000000083200000, 0x0000000083300000|  0%| F|  |TAMS 0x0000000083200000| PB 0x0000000083200000| Untracked |  0
|  17|0x0000000083300000, 0x0000000083300000, 0x0000000083400000|  0%| F|  |TAMS 0x0000000083300000| PB 0x0000000083300000| Untracked |  0
|  18|0x0000000083400000, 0x0000000083400000, 0x0000000083500000|  0%| F|  |TAMS 0x0000000083400000| PB 0x0000000083400000| Untracked |  0
|  19|0x0000000083500000, 0x0000000083500000, 0x0000000083600000|  0%| F|  |TAMS 0x0000000083500000| PB 0x0000000083500000| Untracked |  0
|  20|0x0000000083600000, 0x0000000083600000, 0x0000000083700000|  0%| F|  |TAMS 0x0000000083600000| PB 0x0000000083600000| Untracked |  0
|  21|0x0000000083700000, 0x0000000083700000, 0x0000000083800000|  0%| F|  |TAMS 0x0000000083700000| PB 0x0000000083700000| Untracked |  0
|  22|0x0000000083800000, 0x0000000083800000, 0x0000000083900000|  0%| F|  |TAMS 0x0000000083800000| PB 0x0000000083800000| Untracked |  0
|  23|0x0000000083900000, 0x0000000083900000, 0x0000000083a00000|  0%| F|  |TAMS 0x0000000083900000| PB 0x0000000083900000| Untracked |  0
|  24|0x0000000083a00000, 0x0000000083a00000, 0x0000000083b00000|  0%| F|  |TAMS 0x0000000083a00000| PB 0x0000000083a00000| Untracked |  0
|  25|0x0000000083b00000, 0x0000000083b00000, 0x0000000083c00000|  0%| F|  |TAMS 0x0000000083b00000| PB 0x0000000083b00000| Untracked |  0
|  26|0x0000000083c00000, 0x0000000083c00000, 0x0000000083d00000|  0%| F|  |TAMS 0x0000000083c00000| PB 0x0000000083c00000| Untracked |  0
|  27|0x0000000083d00000, 0x0000000083d00000, 0x0000000083e00000|  0%| F|  |TAMS 0x0000000083d00000| PB 0x0000000083d00000| Untracked |  0
|  28|0x0000000083e00000, 0x0000000083e00000, 0x0000000083f00000|  0%| F|  |TAMS 0x0000000083e00000| PB 0x0000000083e00000| Untracked |  0
|  29|0x0000000083f00000, 0x0000000083f00000, 0x0000000084000000|  0%| F|  |TAMS 0x0000000083f00000| PB 0x0000000083f00000| Untracked |  0
|  30|0x0000000084000000, 0x0000000084000000, 0x0000000084100000|  0%| F|  |TAMS 0x0000000084000000| PB 0x0000000084000000| Untracked |  0
|  31|0x0000000084100000, 0x0000000084100000, 0x0000000084200000|  0%| F|  |TAMS 0x0000000084100000| PB 0x0000000084100000| Untracked |  0
|  32|0x0000000084200000, 0x0000000084200000, 0x0000000084300000|  0%| F|  |TAMS 0x0000000084200000| PB 0x0000000084200000| Untracked |  0
|  33|0x0000000084300000, 0x0000000084300000, 0x0000000084400000|  0%| F|  |TAMS 0x0000000084300000| PB 0x0000000084300000| Untracked |  0
|  34|0x0000000084400000, 0x0000000084400000, 0x0000000084500000|  0%| F|  |TAMS 0x0000000084400000| PB 0x0000000084400000| Untracked |  0
|  35|0x0000000084500000, 0x0000000084500000, 0x0000000084600000|  0%| F|  |TAMS 0x0000000084500000| PB 0x0000000084500000| Untracked |  0
|  36|0x0000000084600000, 0x0000000084600000, 0x0000000084700000|  0%| F|  |TAMS 0x0000000084600000| PB 0x0000000084600000| Untracked |  0
|  37|0x0000000084700000, 0x0000000084700000, 0x0000000084800000|  0%| F|  |TAMS 0x0000000084700000| PB 0x0000000084700000| Untracked |  0
|  38|0x0000000084800000, 0x0000000084800000, 0x0000000084900000|  0%| F|  |TAMS 0x0000000084800000| PB 0x0000000084800000| Untracked |  0
|  39|0x0000000084900000, 0x0000000084900000, 0x0000000084a00000|  0%| F|  |TAMS 0x0000000084900000| PB 0x0000000084900000| Untracked |  0
|  40|0x0000000084a00000, 0x0000000084a00000, 0x0000000084b00000|  0%| F|  |TAMS 0x0000000084a00000| PB 0x0000000084a00000| Untracked |  0
|  41|0x0000000084b00000, 0x0000000084b00000, 0x0000000084c00000|  0%| F|  |TAMS 0x0000000084b00000| PB 0x0000000084b00000| Untracked |  0
|  42|0x0000000084c00000, 0x0000000084c00000, 0x0000000084d00000|  0%| F|  |TAMS 0x0000000084c00000| PB 0x0000000084c00000| Untracked |  0
|  43|0x0000000084d00000, 0x0000000084d00000, 0x0000000084e00000|  0%| F|  |TAMS 0x0000000084d00000| PB 0x0000000084d00000| Untracked |  0
|  44|0x0000000084e00000, 0x0000000084e00000, 0x0000000084f00000|  0%| F|  |TAMS 0x0000000084e00000| PB 0x0000000084e00000| Untracked |  0
|  45|0x0000000084f00000, 0x0000000084f00000, 0x0000000085000000|  0%| F|  |TAMS 0x0000000084f00000| PB 0x0000000084f00000| Untracked |  0
|  46|0x0000000085000000, 0x0000000085000000, 0x0000000085100000|  0%| F|  |TAMS 0x0000000085000000| PB 0x0000000085000000| Untracked |  0
|  47|0x0000000085100000, 0x0000000085100000, 0x0000000085200000|  0%| F|  |TAMS 0x0000000085100000| PB 0x0000000085100000| Untracked |  0
|  48|0x0000000085200000, 0x0000000085200000, 0x0000000085300000|  0%| F|  |TAMS 0x0000000085200000| PB 0x0000000085200000| Untracked |  0
|  49|0x0000000085300000, 0x0000000085300000, 0x0000000085400000|  0%| F|  |TAMS 0x0000000085300000| PB 0x0000000085300000| Untracked |  0
|  50|0x0000000085400000, 0x0000000085400000, 0x0000000085500000|  0%| F|  |TAMS 0x0000000085400000| PB 0x0000000085400000| Untracked |  0
|  51|0x0000000085500000, 0x0000000085500000, 0x0000000085600000|  0%| F|  |TAMS 0x0000000085500000| PB 0x0000000085500000| Untracked |  0
|  52|0x0000000085600000, 0x0000000085600000, 0x0000000085700000|  0%| F|  |TAMS 0x0000000085600000| PB 0x0000000085600000| Untracked |  0
|  53|0x0000000085700000, 0x0000000085700000, 0x0000000085800000|  0%| F|  |TAMS 0x0000000085700000| PB 0x0000000085700000| Untracked |  0
|  54|0x0000000085800000, 0x0000000085800000, 0x0000000085900000|  0%| F|  |TAMS 0x0000000085800000| PB 0x0000000085800000| Untracked |  0
|  55|0x0000000085900000, 0x0000000085900000, 0x0000000085a00000|  0%| F|  |TAMS 0x0000000085900000| PB 0x0000000085900000| Untracked |  0
|  56|0x0000000085a00000, 0x0000000085a00000, 0x0000000085b00000|  0%| F|  |TAMS 0x0000000085a00000| PB 0x0000000085a00000| Untracked |  0
|  57|0x0000000085b00000, 0x0000000085b00000, 0x0000000085c00000|  0%| F|  |TAMS 0x0000000085b00000| PB 0x0000000085b00000| Untracked |  0
|  58|0x0000000085c00000, 0x0000000085c00000, 0x0000000085d00000|  0%| F|  |TAMS 0x0000000085c00000| PB 0x0000000085c00000| Untracked |  0
|  59|0x0000000085d00000, 0x0000000085d00000, 0x0000000085e00000|  0%| F|  |TAMS 0x0000000085d00000| PB 0x0000000085d00000| Untracked |  0
|  60|0x0000000085e00000, 0x0000000085e00000, 0x0000000085f00000|  0%| F|  |TAMS 0x0000000085e00000| PB 0x0000000085e00000| Untracked |  0
|  61|0x0000000085f00000, 0x0000000085f00000, 0x0000000086000000|  0%| F|  |TAMS 0x0000000085f00000| PB 0x0000000085f00000| Untracked |  0
|  62|0x0000000086000000, 0x0000000086000000, 0x0000000086100000|  0%| F|  |TAMS 0x0000000086000000| PB 0x0000000086000000| Untracked |  0
|  63|0x0000000086100000, 0x0000000086100000, 0x0000000086200000|  0%| F|  |TAMS 0x0000000086100000| PB 0x0000000086100000| Untracked |  0
|  64|0x0000000086200000, 0x0000000086200000, 0x0000000086300000|  0%| F|  |TAMS 0x0000000086200000| PB 0x0000000086200000| Untracked |  0
|  65|0x0000000086300000, 0x0000000086300000, 0x0000000086400000|  0%| F|  |TAMS 0x0000000086300000| PB 0x0000000086300000| Untracked |  0
|  66|0x0000000086400000, 0x0000000086400000, 0x0000000086500000|  0%| F|  |TAMS 0x0000000086400000| PB 0x0000000086400000| Untracked |  0
|  67|0x0000000086500000, 0x0000000086500000, 0x0000000086600000|  0%| F|  |TAMS 0x0000000086500000| PB 0x0000000086500000| Untracked |  0
|  68|0x0000000086600000, 0x0000000086600000, 0x0000000086700000|  0%| F|  |TAMS 0x0000000086600000| PB 0x0000000086600000| Untracked |  0
|  69|0x0000000086700000, 0x0000000086700000, 0x0000000086800000|  0%| F|  |TAMS 0x0000000086700000| PB 0x0000000086700000| Untracked |  0
|  70|0x0000000086800000, 0x0000000086800000, 0x0000000086900000|  0%| F|  |TAMS 0x0000000086800000| PB 0x0000000086800000| Untracked |  0
|  71|0x0000000086900000, 0x0000000086900000, 0x0000000086a00000|  0%| F|  |TAMS 0x0000000086900000| PB 0x0000000086900000| Untracked |  0
|  72|0x0000000086a00000, 0x0000000086a00000, 0x0000000086b00000|  0%| F|  |TAMS 0x0000000086a00000| PB 0x0000000086a00000| Untracked |  0
|  73|0x0000000086b00000, 0x0000000086b00000, 0x0000000086c00000|  0%| F|  |TAMS 0x0000000086b00000| PB 0x0000000086b00000| Untracked |  0
|  74|0x0000000086c00000, 0x0000000086c00000, 0x0000000086d00000|  0%| F|  |TAMS 0x0000000086c00000| PB 0x0000000086c00000| Untracked |  0
|  75|0x0000000086d00000, 0x0000000086d00000, 0x0000000086e00000|  0%| F|  |TAMS 0x0000000086d00000| PB 0x0000000086d00000| Untracked |  0
|  76|0x0000000086e00000, 0x0000000086e00000, 0x0000000086f00000|  0%| F|  |TAMS 0x0000000086e00000| PB 0x0000000086e00000| Untracked |  0
|  77|0x0000000086f00000, 0x0000000086f00000, 0x0000000087000000|  0%| F|  |TAMS 0x0000000086f00000| PB 0x0000000086f00000| Untracked |  0
|  78|0x0000000087000000, 0x0000000087000000, 0x0000000087100000|  0%| F|  |TAMS 0x0000000087000000| PB 0x0000000087000000| Untracked |  0
|  79|0x0000000087100000, 0x0000000087100000, 0x0000000087200000|  0%| F|  |TAMS 0x0000000087100000| PB 0x0000000087100000| Untracked |  0
|  80|0x0000000087200000, 0x0000000087200000, 0x0000000087300000|  0%| F|  |TAMS 0x0000000087200000| PB 0x0000000087200000| Untracked |  0
|  81|0x0000000087300000, 0x0000000087300000, 0x0000000087400000|  0%| F|  |TAMS 0x0000000087300000| PB 0x0000000087300000| Untracked |  0
|  82|0x0000000087400000, 0x0000000087400000, 0x0000000087500000|  0%| F|  |TAMS 0x0000000087400000| PB 0x0000000087400000| Untracked |  0
|  83|0x0000000087500000, 0x0000000087500000, 0x0000000087600000|  0%| F|  |TAMS 0x0000000087500000| PB 0x0000000087500000| Untracked |  0
|  84|0x0000000087600000, 0x0000000087600000, 0x0000000087700000|  0%| F|  |TAMS 0x0000000087600000| PB 0x0000000087600000| Untracked |  0
|  85|0x0000000087700000, 0x0000000087700000, 0x0000000087800000|  0%| F|  |TAMS 0x0000000087700000| PB 0x0000000087700000| Untracked |  0
|  86|0x0000000087800000, 0x0000000087800000, 0x0000000087900000|  0%| F|  |TAMS 0x0000000087800000| PB 0x0000000087800000| Untracked |  0
|  87|0x0000000087900000, 0x0000000087900000, 0x0000000087a00000|  0%| F|  |TAMS 0x0000000087900000| PB 0x0000000087900000| Untracked |  0
|  88|0x0000000087a00000, 0x0000000087a00000, 0x0000000087b00000|  0%| F|  |TAMS 0x0000000087a00000| PB 0x0000000087a00000| Untracked |  0
|  89|0x0000000087b00000, 0x0000000087b00000, 0x0000000087c00000|  0%| F|  |TAMS 0x0000000087b00000| PB 0x0000000087b00000| Untracked |  0
|  90|0x0000000087c00000, 0x0000000087c00000, 0x0000000087d00000|  0%| F|  |TAMS 0x0000000087c00000| PB 0x0000000087c00000| Untracked |  0
|  91|0x0000000087d00000, 0x0000000087d00000, 0x0000000087e00000|  0%| F|  |TAMS 0x0000000087d00000| PB 0x0000000087d00000| Untracked |  0
|  92|0x0000000087e00000, 0x0000000087e00000, 0x0000000087f00000|  0%| F|  |TAMS 0x0000000087e00000| PB 0x0000000087e00000| Untracked |  0
|  93|0x0000000087f00000, 0x0000000087f00000, 0x0000000088000000|  0%| F|  |TAMS 0x0000000087f00000| PB 0x0000000087f00000| Untracked |  0
|  94|0x0000000088000000, 0x0000000088000000, 0x0000000088100000|  0%| F|  |TAMS 0x0000000088000000| PB 0x0000000088000000| Untracked |  0
|  95|0x0000000088100000, 0x0000000088100000, 0x0000000088200000|  0%| F|  |TAMS 0x0000000088100000| PB 0x0000000088100000| Untracked |  0
|  96|0x0000000088200000, 0x0000000088200000, 0x0000000088300000|  0%| F|  |TAMS 0x0000000088200000| PB 0x0000000088200000| Untracked |  0
|  97|0x0000000088300000, 0x0000000088300000, 0x0000000088400000|  0%| F|  |TAMS 0x0000000088300000| PB 0x0000000088300000| Untracked |  0
|  98|0x0000000088400000, 0x0000000088400000, 0x0000000088500000|  0%| F|  |TAMS 0x0000000088400000| PB 0x0000000088400000| Untracked |  0
|  99|0x0000000088500000, 0x0000000088500000, 0x0000000088600000|  0%| F|  |TAMS 0x0000000088500000| PB 0x0000000088500000| Untracked |  0
| 100|0x0000000088600000, 0x0000000088600000, 0x0000000088700000|  0%| F|  |TAMS 0x0000000088600000| PB 0x0000000088600000| Untracked |  0
| 101|0x0000000088700000, 0x0000000088700000, 0x0000000088800000|  0%| F|  |TAMS 0x0000000088700000| PB 0x0000000088700000| Untracked |  0
| 102|0x0000000088800000, 0x0000000088800000, 0x0000000088900000|  0%| F|  |TAMS 0x0000000088800000| PB 0x0000000088800000| Untracked |  0
| 103|0x0000000088900000, 0x0000000088900000, 0x0000000088a00000|  0%| F|  |TAMS 0x0000000088900000| PB 0x0000000088900000| Untracked |  0
| 104|0x0000000088a00000, 0x0000000088a00000, 0x0000000088b00000|  0%| F|  |TAMS 0x0000000088a00000| PB 0x0000000088a00000| Untracked |  0
| 105|0x0000000088b00000, 0x0000000088b00000, 0x0000000088c00000|  0%| F|  |TAMS 0x0000000088b00000| PB 0x0000000088b00000| Untracked |  0
| 106|0x0000000088c00000, 0x0000000088c00000, 0x0000000088d00000|  0%| F|  |TAMS 0x0000000088c00000| PB 0x0000000088c00000| Untracked |  0
| 107|0x0000000088d00000, 0x0000000088d00000, 0x0000000088e00000|  0%| F|  |TAMS 0x0000000088d00000| PB 0x0000000088d00000| Untracked |  0
| 108|0x0000000088e00000, 0x0000000088e00000, 0x0000000088f00000|  0%| F|  |TAMS 0x0000000088e00000| PB 0x0000000088e00000| Untracked |  0
| 109|0x0000000088f00000, 0x0000000088f00000, 0x0000000089000000|  0%| F|  |TAMS 0x0000000088f00000| PB 0x0000000088f00000| Untracked |  0
| 110|0x0000000089000000, 0x0000000089000000, 0x0000000089100000|  0%| F|  |TAMS 0x0000000089000000| PB 0x0000000089000000| Untracked |  0
| 111|0x0000000089100000, 0x0000000089100000, 0x0000000089200000|  0%| F|  |TAMS 0x0000000089100000| PB 0x0000000089100000| Untracked |  0
| 112|0x0000000089200000, 0x0000000089200000, 0x0000000089300000|  0%| F|  |TAMS 0x0000000089200000| PB 0x0000000089200000| Untracked |  0
| 113|0x0000000089300000, 0x0000000089300000, 0x0000000089400000|  0%| F|  |TAMS 0x0000000089300000| PB 0x0000000089300000| Untracked |  0
| 114|0x0000000089400000, 0x0000000089400000, 0x0000000089500000|  0%| F|  |TAMS 0x0000000089400000| PB 0x0000000089400000| Untracked |  0
| 115|0x0000000089500000, 0x0000000089500000, 0x0000000089600000|  0%| F|  |TAMS 0x0000000089500000| PB 0x0000000089500000| Untracked |  0
| 116|0x0000000089600000, 0x0000000089600000, 0x0000000089700000|  0%| F|  |TAMS 0x0000000089600000| PB 0x0000000089600000| Untracked |  0
| 117|0x0000000089700000, 0x0000000089700000, 0x0000000089800000|  0%| F|  |TAMS 0x0000000089700000| PB 0x0000000089700000| Untracked |  0
| 118|0x0000000089800000, 0x0000000089800000, 0x0000000089900000|  0%| F|  |TAMS 0x0000000089800000| PB 0x0000000089800000| Untracked |  0
| 119|0x0000000089900000, 0x0000000089900000, 0x0000000089a00000|  0%| F|  |TAMS 0x0000000089900000| PB 0x0000000089900000| Untracked |  0
| 120|0x0000000089a00000, 0x0000000089a00000, 0x0000000089b00000|  0%| F|  |TAMS 0x0000000089a00000| PB 0x0000000089a00000| Untracked |  0
| 121|0x0000000089b00000, 0x0000000089b80000, 0x0000000089c00000| 50%| E|  |TAMS 0x0000000089b00000| PB 0x0000000089b00000| Complete |  0
| 122|0x0000000089c00000, 0x0000000089d00000, 0x0000000089d00000|100%| E|CS|TAMS 0x0000000089c00000| PB 0x0000000089c00000| Complete |  0
| 123|0x0000000089d00000, 0x0000000089e00000, 0x0000000089e00000|100%| E|CS|TAMS 0x0000000089d00000| PB 0x0000000089d00000| Complete |  0
| 124|0x0000000089e00000, 0x0000000089f00000, 0x0000000089f00000|100%| E|CS|TAMS 0x0000000089e00000| PB 0x0000000089e00000| Complete |  0
| 125|0x0000000089f00000, 0x000000008a000000, 0x000000008a000000|100%| E|CS|TAMS 0x0000000089f00000| PB 0x0000000089f00000| Complete |  0
|2012|0x00000000ffe00000, 0x00000000fff00000, 0x00000000fff00000|100%| O|  |TAMS 0x00000000ffe00000| PB 0x00000000ffe00000| Untracked |  0
|2013|0x00000000fff00000, 0x00000000fff1d1c0, 0x0000000100000000| 11%| O|  |TAMS 0x00000000fff00000| PB 0x00000000fff00000| Untracked |  0

Card table byte_map: [0x000001712e3b0000,0x000001712e7a0000] _byte_map_base: 0x000001712df9f000

Marking Bits: (CMBitMap*) 0x0000017116761290
 Bits: [0x000001712e7a0000, 0x0000017130718000)

Polling page: 0x00000171147a0000

Metaspace:

Usage:
  Non-class:    841.48 KB used.
      Class:     74.05 KB used.
       Both:    915.53 KB used.

Virtual space:
  Non-class space:       64.00 MB reserved,     960.00 KB (  1%) committed,  1 nodes.
      Class space:        1.00 GB reserved,     128.00 KB ( <1%) committed,  1 nodes.
             Both:        1.06 GB reserved,       1.06 MB ( <1%) committed. 

Chunk freelists:
   Non-Class:  11.75 MB
       Class:  15.70 MB
        Both:  27.45 MB

MaxMetaspaceSize: unlimited
CompressedClassSpaceSize: 1.00 GB
Initial GC threshold: 21.00 MB
Current GC threshold: 21.00 MB
CDS: on
 - commit_granule_bytes: 65536.
 - commit_granule_words: 8192.
 - virtual_space_node_default_size: 8388608.
 - enlarge_chunks_in_place: 1.
UseCompressedClassPointers 1, UseCompactObjectHeaders 0
Narrow klass pointer bits 32, Max shift 3
Narrow klass base: 0x0000017133000000, Narrow klass shift: 0
Encoding Range: [0x0000017133000000 - 0x0000017233000000), (4294967296 bytes)
Klass Range:    [0x0000017133000000 - 0x0000017174000000), (1090519040 bytes)
Klass ID Range:  [8 - 1090519033) (1090519025)


Internal statistics:

num_allocs_failed_limit: 0.
num_arena_births: 16.
num_arena_deaths: 0.
num_vsnodes_births: 2.
num_vsnodes_deaths: 0.
num_space_committed: 17.
num_space_uncommitted: 0.
num_chunks_returned_to_freelist: 0.
num_chunks_taken_from_freelist: 36.
num_chunk_merges: 0.
num_chunk_splits: 23.
num_chunks_enlarged: 13.
num_inconsistent_stats: 0.

CodeHeap 'non-profiled nmethods': size=120064Kb used=74Kb max_used=74Kb free=119989Kb
 bounds [0x0000017126a80000, 0x0000017126cf0000, 0x000001712dfc0000]
CodeHeap 'profiled nmethods': size=120000Kb used=267Kb max_used=267Kb free=119732Kb
 bounds [0x000001711efc0000, 0x000001711f230000, 0x00000171264f0000]
CodeHeap 'non-nmethods': size=5696Kb used=1250Kb max_used=1250Kb free=4445Kb
 bounds [0x00000171264f0000, 0x0000017126760000, 0x0000017126a80000]
CodeCache: size=245760Kb, used=1591Kb, max_used=1591Kb, free=244166Kb
 total_blobs=687, nmethods=279, adapters=312, full_count=0
Compilation: enabled, stopped_count=0, restarted_count=0

Compilation events (20 events):
Event: 0.473 Thread 0x0000017132be08a0 nmethod 134 0x0000017126a8a488 code [0x0000017126a8a5c0, 0x0000017126a8aa58]
Event: 0.473 Thread 0x0000017132be08a0  135   !   4       java.util.zip.ZipFile$Source::checkAndAddEntry (347 bytes)
Event: 0.474 Thread 0x0000017132be4f70  142       3       jdk.internal.misc.Unsafe::getLongUnaligned (173 bytes)
Event: 0.474 Thread 0x0000017132be4f70 nmethod 142 0x000001711efdae88 code [0x000001711efdafe0, 0x000001711efdb398]
Event: 0.480 Thread 0x0000017132be4f70  144       3       java.lang.AbstractStringBuilder::putStringAt (19 bytes)
Event: 0.481 Thread 0x0000017132be4f70 nmethod 144 0x000001711efdb408 code [0x000001711efdb540, 0x000001711efdb918]
Event: 0.481 Thread 0x0000017132be4f70  145       3       java.lang.AbstractStringBuilder::inflateIfNeededFor (22 bytes)
Event: 0.481 Thread 0x0000017132be4f70 nmethod 145 0x000001711efdb988 code [0x000001711efdbac0, 0x000001711efdbd40]
Event: 0.482 Thread 0x0000017132be4f70  146       3       jdk.internal.jimage.ImageLocation::readValue (61 bytes)
Event: 0.482 Thread 0x0000017132be4f70 nmethod 146 0x000001711efdbd88 code [0x000001711efdbec0, 0x000001711efdc260]
Event: 0.484 Thread 0x0000017132be4f70  148       3       jdk.internal.util.ReferencedKeyMap::removeStaleReferences (30 bytes)
Event: 0.484 Thread 0x0000017132be4f70 nmethod 148 0x000001711efdc288 code [0x000001711efdc3c0, 0x000001711efdc708]
Event: 0.484 Thread 0x0000017132be4f70  150       1       java.lang.invoke.MemberName::getDeclaringClass (5 bytes)
Event: 0.484 Thread 0x0000017132be4f70 nmethod 150 0x0000017126a8ae08 code [0x0000017126a8af00, 0x0000017126a8afc8]
Event: 0.485 Thread 0x0000017132be4f70  151       3       jdk.internal.classfile.impl.AbstractPoolEntry::hashString (5 bytes)
Event: 0.485 Thread 0x0000017132be4f70 nmethod 151 0x000001711efdc788 code [0x000001711efdc8a0, 0x000001711efdc990]
Event: 0.485 Thread 0x0000017132be4f70  152       3       jdk.internal.classfile.impl.SplitConstantPool::entryByIndex (59 bytes)
Event: 0.487 Thread 0x0000017132be4f70 nmethod 152 0x000001711efdca88 code [0x000001711efdcd00, 0x000001711efddfa8]
Event: 0.487 Thread 0x0000017132be4f70  153       3       java.lang.StringCoding::countNonZeroAsciiLatin1 (33 bytes)
Event: 0.487 Thread 0x0000017132be4f70 nmethod 153 0x000001711efde088 code [0x000001711efde1a0, 0x000001711efde3a8]

GC Heap History (0 events):
No events

Dll operation events (6 events):
Event: 0.014 Loaded shared library C:\Program Files\Java\jdk-24\bin\java.dll
Event: 0.230 Loaded shared library C:\Program Files\Java\jdk-24\bin\jsvml.dll
Event: 0.259 Loaded shared library C:\Program Files\Java\jdk-24\bin\net.dll
Event: 0.316 Loaded shared library C:\Program Files\Java\jdk-24\bin\nio.dll
Event: 0.402 Loaded shared library C:\Program Files\Java\jdk-24\bin\zip.dll
Event: 0.445 Loaded shared library C:\Program Files\Java\jdk-24\bin\jimage.dll

Deoptimization events (20 events):
Event: 0.384 Thread 0x000001711452d8b0 DEOPT PACKING pc=0x000001711efc4818 sp=0x00000014271fdf50
Event: 0.384 Thread 0x000001711452d8b0 DEOPT UNPACKING pc=0x0000017126545722 sp=0x00000014271fd3c0 mode 0
Event: 0.384 Thread 0x000001711452d8b0 DEOPT PACKING pc=0x000001711efc4818 sp=0x00000014271fdf50
Event: 0.384 Thread 0x000001711452d8b0 DEOPT UNPACKING pc=0x0000017126545722 sp=0x00000014271fd3c0 mode 0
Event: 0.384 Thread 0x000001711452d8b0 DEOPT PACKING pc=0x000001711efc4818 sp=0x00000014271fdf50
Event: 0.384 Thread 0x000001711452d8b0 DEOPT UNPACKING pc=0x0000017126545722 sp=0x00000014271fd3c0 mode 0
Event: 0.385 Thread 0x000001711452d8b0 DEOPT PACKING pc=0x000001711efc4818 sp=0x00000014271fdf50
Event: 0.385 Thread 0x000001711452d8b0 DEOPT UNPACKING pc=0x0000017126545722 sp=0x00000014271fd3c0 mode 0
Event: 0.385 Thread 0x000001711452d8b0 DEOPT PACKING pc=0x000001711efc4818 sp=0x00000014271fdf50
Event: 0.385 Thread 0x000001711452d8b0 DEOPT UNPACKING pc=0x0000017126545722 sp=0x00000014271fd3c0 mode 0
Event: 0.385 Thread 0x000001711452d8b0 DEOPT PACKING pc=0x000001711efc4818 sp=0x00000014271fdf50
Event: 0.385 Thread 0x000001711452d8b0 DEOPT UNPACKING pc=0x0000017126545722 sp=0x00000014271fd3c0 mode 0
Event: 0.385 Thread 0x000001711452d8b0 DEOPT PACKING pc=0x000001711efc4818 sp=0x00000014271fdf50
Event: 0.385 Thread 0x000001711452d8b0 DEOPT UNPACKING pc=0x0000017126545722 sp=0x00000014271fd3c0 mode 0
Event: 0.385 Thread 0x000001711452d8b0 DEOPT PACKING pc=0x000001711efc4818 sp=0x00000014271fdf50
Event: 0.385 Thread 0x000001711452d8b0 DEOPT UNPACKING pc=0x0000017126545722 sp=0x00000014271fd3c0 mode 0
Event: 0.386 Thread 0x000001711452d8b0 DEOPT PACKING pc=0x000001711efc4818 sp=0x00000014271fdf50
Event: 0.386 Thread 0x000001711452d8b0 DEOPT UNPACKING pc=0x0000017126545722 sp=0x00000014271fd3c0 mode 0
Event: 0.386 Thread 0x000001711452d8b0 DEOPT PACKING pc=0x000001711efc4818 sp=0x00000014271fdf50
Event: 0.386 Thread 0x000001711452d8b0 DEOPT UNPACKING pc=0x0000017126545722 sp=0x00000014271fd3c0 mode 0

Classes loaded (20 events):
Event: 0.415 Loading class java/lang/IllegalStateException
Event: 0.416 Loading class java/lang/IllegalStateException done
Event: 0.417 Loading class java/lang/CloneNotSupportedException
Event: 0.417 Loading class java/lang/CloneNotSupportedException done
Event: 0.428 Loading class java/lang/ThreadLocal$SuppliedThreadLocal
Event: 0.429 Loading class java/lang/ThreadLocal$SuppliedThreadLocal done
Event: 0.435 Loading class java/lang/SecurityException
Event: 0.436 Loading class java/lang/SecurityException done
Event: 0.447 Loading class jdk/internal/jimage/ImageLocation
Event: 0.448 Loading class jdk/internal/jimage/ImageLocation done
Event: 0.457 Loading class jdk/internal/loader/URLClassPath$FileLoader
Event: 0.458 Loading class jdk/internal/loader/URLClassPath$FileLoader done
Event: 0.473 Loading class java/util/StringTokenizer
Event: 0.473 Loading class java/util/StringTokenizer done
Event: 0.473 Loading class java/io/FileNotFoundException
Event: 0.474 Loading class java/io/FileNotFoundException done
Event: 0.479 Loading class java/util/LinkedHashMap$LinkedKeySet
Event: 0.479 Loading class java/util/LinkedHashMap$LinkedKeySet done
Event: 0.479 Loading class java/util/LinkedHashMap$LinkedKeyIterator
Event: 0.480 Loading class java/util/LinkedHashMap$LinkedKeyIterator done

Classes unloaded (0 events):
No events

Classes redefined (0 events):
No events

Internal exceptions (2 events):
Event: 0.419 Thread 0x000001711452d8b0 Exception <a 'java/lang/NoSuchMethodError'{0x0000000089f66f30}: 'java.lang.Object java.lang.invoke.DirectMethodHandle$Holder.invokeStaticInit(java.lang.Object)'> (0x0000000089f66f30) 
thrown [s\open\src\hotspot\share\interpreter\linkResolver.cpp, line 805]
Event: 0.484 Thread 0x000001711452d8b0 Exception <a 'java/lang/NoSuchMethodError'{0x0000000089ef6db8}: 'void java.lang.invoke.DirectMethodHandle$Holder.invokeStatic(java.lang.Object, java.lang.Object, java.lang.Object)'> (0x0000000089ef6db8) 
thrown [s\open\src\hotspot\share\interpreter\linkResolver.cpp, line 805]

VM Operations (0 events):
No events

Memory protections (0 events):
No events

Nmethod flushes (0 events):
No events

Events (11 events):
Event: 0.136 Thread 0x000001711452d8b0 Thread added: 0x000001711452d8b0
Event: 0.182 Thread 0x000001711452d8b0 Thread added: 0x0000017132bd7b60
Event: 0.182 Thread 0x000001711452d8b0 Thread added: 0x0000017132bdabe0
Event: 0.182 Thread 0x000001711452d8b0 Thread added: 0x0000017132bdd8b0
Event: 0.182 Thread 0x000001711452d8b0 Thread added: 0x0000017132bde3e0
Event: 0.182 Thread 0x000001711452d8b0 Thread added: 0x0000017132bdef10
Event: 0.183 Thread 0x000001711452d8b0 Thread added: 0x0000017132bdfa40
Event: 0.183 Thread 0x000001711452d8b0 Thread added: 0x0000017132be08a0
Event: 0.192 Thread 0x000001711452d8b0 Thread added: 0x0000017132be4f70
Event: 0.210 Thread 0x000001711452d8b0 Thread added: 0x0000017132c1fdf0
Event: 0.224 Thread 0x000001711452d8b0 Thread added: 0x0000017132c27150


Dynamic libraries:
0x00007ff66f870000 - 0x00007ff66f880000 	C:\Program Files\Java\jdk-24\bin\java.exe
0x00007ff9ea7e0000 - 0x00007ff9ea9e7000 	C:\Windows\SYSTEM32\ntdll.dll
0x00007ff9ea110000 - 0x00007ff9ea1cd000 	C:\Windows\System32\KERNEL32.DLL
0x00007ff9e7d00000 - 0x00007ff9e8072000 	C:\Windows\System32\KERNELBASE.dll
0x00007ff9e83b0000 - 0x00007ff9e84c1000 	C:\Windows\System32\ucrtbase.dll
0x00007ff9a6f50000 - 0x00007ff9a6f66000 	C:\Program Files\Java\jdk-24\bin\jli.dll
0x00007ff9e88f0000 - 0x00007ff9e8a9c000 	C:\Windows\System32\USER32.dll
0x00007ff9e8220000 - 0x00007ff9e8246000 	C:\Windows\System32\win32u.dll
0x00007ff9e9780000 - 0x00007ff9e97a9000 	C:\Windows\System32\GDI32.dll
0x00007ff9e8080000 - 0x00007ff9e8192000 	C:\Windows\System32\gdi32full.dll
0x00007ff9e8310000 - 0x00007ff9e83ad000 	C:\Windows\System32\msvcp_win.dll
0x00007ff9a6f30000 - 0x00007ff9a6f4b000 	C:\Program Files\Java\jdk-24\bin\VCRUNTIME140.dll
0x00007ff9bc9f0000 - 0x00007ff9bcc95000 	C:\Windows\WinSxS\amd64_microsoft.windows.common-controls_6595b64144ccf1df_6.0.21996.1_none_7d6b053978bcd706\COMCTL32.dll
0x00007ff9e9210000 - 0x00007ff9e92b3000 	C:\Windows\System32\msvcrt.dll
0x00007ff9ea290000 - 0x00007ff9ea2c1000 	C:\Windows\System32\IMM32.DLL
0x00007ff9bbc00000 - 0x00007ff9bbc0c000 	C:\Program Files\Java\jdk-24\bin\vcruntime140_1.dll
0x00007ff994080000 - 0x00007ff99410e000 	C:\Program Files\Java\jdk-24\bin\msvcp140.dll
0x00007ff950620000 - 0x00007ff9513c2000 	C:\Program Files\Java\jdk-24\bin\server\jvm.dll
0x00007ff9ea1d0000 - 0x00007ff9ea27c000 	C:\Windows\System32\ADVAPI32.dll
0x00007ff9e9d80000 - 0x00007ff9e9e1d000 	C:\Windows\System32\sechost.dll
0x00007ff9ea670000 - 0x00007ff9ea791000 	C:\Windows\System32\RPCRT4.dll
0x00007ff9e8880000 - 0x00007ff9e88ef000 	C:\Windows\System32\WS2_32.dll
0x00007ff9e6740000 - 0x00007ff9e678d000 	C:\Windows\SYSTEM32\POWRPROF.dll
0x00007ff9dd360000 - 0x00007ff9dd393000 	C:\Windows\SYSTEM32\WINMM.dll
0x00007ff9dbb00000 - 0x00007ff9dbb0a000 	C:\Windows\SYSTEM32\VERSION.dll
0x00007ff9e6830000 - 0x00007ff9e6843000 	C:\Windows\SYSTEM32\UMPDC.dll
0x00007ff9e6f20000 - 0x00007ff9e6f37000 	C:\Windows\SYSTEM32\kernel.appcore.dll
0x00007ff9a6f20000 - 0x00007ff9a6f2a000 	C:\Program Files\Java\jdk-24\bin\jimage.dll
0x00007ff9e2890000 - 0x00007ff9e2ab1000 	C:\Windows\SYSTEM32\DBGHELP.DLL
0x00007ff9d38c0000 - 0x00007ff9d38f1000 	C:\Windows\SYSTEM32\dbgcore.DLL
0x00007ff9e81a0000 - 0x00007ff9e8220000 	C:\Windows\System32\bcryptPrimitives.dll
0x00007ff9a6f00000 - 0x00007ff9a6f1e000 	C:\Program Files\Java\jdk-24\bin\java.dll
0x00007ff9ea420000 - 0x00007ff9ea5ba000 	C:\Windows\System32\ole32.dll
0x00007ff9e9300000 - 0x00007ff9e9675000 	C:\Windows\System32\combase.dll
0x00007ff9e8aa0000 - 0x00007ff9e9209000 	C:\Windows\System32\SHELL32.dll
0x00007ff9e5ed0000 - 0x00007ff9e6728000 	C:\Windows\SYSTEM32\windows.storage.dll
0x00007ff9e5d60000 - 0x00007ff9e5ec6000 	C:\Windows\SYSTEM32\wintypes.dll
0x00007ff9e9820000 - 0x00007ff9e990a000 	C:\Windows\System32\SHCORE.dll
0x00007ff9ea2d0000 - 0x00007ff9ea32d000 	C:\Windows\System32\shlwapi.dll
0x00007ff9e7c30000 - 0x00007ff9e7c51000 	C:\Windows\SYSTEM32\profapi.dll
0x00007ff97e340000 - 0x00007ff97e417000 	C:\Program Files\Java\jdk-24\bin\jsvml.dll
0x00007ff9a6ef0000 - 0x00007ff9a6f00000 	C:\Program Files\Java\jdk-24\bin\net.dll
0x00007ff9e7330000 - 0x00007ff9e7397000 	C:\Windows\system32\mswsock.dll
0x00007ff9a6ed0000 - 0x00007ff9a6ee6000 	C:\Program Files\Java\jdk-24\bin\nio.dll
0x00007ff9a61b0000 - 0x00007ff9a61c7000 	C:\Program Files\Java\jdk-24\bin\zip.dll

JVMTI agents: none

dbghelp: loaded successfully - version: 4.0.5 - missing functions: none
symbol engine: initialized successfully - sym options: 0x614 - pdb path: .;C:\Program Files\Java\jdk-24\bin;C:\Windows\SYSTEM32;C:\Windows\WinSxS\amd64_microsoft.windows.common-controls_6595b64144ccf1df_6.0.21996.1_none_7d6b053978bcd706;C:\Program Files\Java\jdk-24\bin\server

VM Arguments:
jvm_args: -Dfile.encoding=UTF-8 -Ddb2.jcc.charsetDecoderEncoder=3 
java_command: com.ibm.db2.server.DssLauncher 3000 off c:\Users\DELL 5490\AppData\Roaming\Code\logs\20260104T194217\window1\exthost\IBM.db2forzosdeveloperextension -Xmx256M
java_class_path (initial): c:\Users\DELL 5490\.vscode\extensions\ibm.db2forzosdeveloperextension-2.2.4\dist\dss-dist-1-SNAPSHOT.jar;;c:\Users\DELL 5490\.vscode\extensions\ibm.db2forzosdeveloperextension-2.2.4\lib\db2jcc4.jar;c:\Users\DELL 5490\.vscode\extensions\ibm.db2forzosdeveloperextension-2.2.4\lib\sqlj4.zip
Launcher Type: SUN_STANDARD

[Global flags]
     intx CICompilerCount                          = 3                                         {product} {ergonomic}
     uint ConcGCThreads                            = 1                                         {product} {ergonomic}
     uint G1ConcRefinementThreads                  = 4                                         {product} {ergonomic}
   size_t G1HeapRegionSize                         = 1048576                                   {product} {ergonomic}
   size_t InitialHeapSize                          = 132120576                                 {product} {ergonomic}
   size_t MarkStackSize                            = 4194304                                   {product} {ergonomic}
   size_t MarkStackSizeMax                         = 536870912                                 {product} {ergonomic}
   size_t MaxHeapSize                              = 2111832064                                {product} {ergonomic}
   size_t MaxNewSize                               = 1266679808                                {product} {ergonomic}
   size_t MinHeapDeltaBytes                        = 1048576                                   {product} {ergonomic}
   size_t MinHeapSize                              = 8388608                                   {product} {ergonomic}
    uintx NonNMethodCodeHeapSize                   = 5832704                                {pd product} {ergonomic}
    uintx NonProfiledCodeHeapSize                  = 122945536                              {pd product} {ergonomic}
    uintx ProfiledCodeHeapSize                     = 122880000                              {pd product} {ergonomic}
    uintx ReservedCodeCacheSize                    = 251658240                              {pd product} {ergonomic}
     bool SegmentedCodeCache                       = true                                      {product} {ergonomic}
   size_t SoftMaxHeapSize                          = 2111832064                             {manageable} {ergonomic}
     bool UseCompressedOops                        = true                           {product lp64_product} {ergonomic}
     bool UseG1GC                                  = true                                      {product} {ergonomic}
     bool UseLargePagesIndividualAllocation        = false                                  {pd product} {ergonomic}

Logging:
Log output configuration:
 #0: stdout all=warning uptime,level,tags foldmultilines=false
 #1: stderr all=off uptime,level,tags foldmultilines=false

Environment Variables:
PATH=C:\Program Files\Oracle Client for Microsoft Tools\;C:\Python313\Scripts\;C:\Python313\;C:\Program Files\Common Files\Oracle\Java\javapath;C:\Program Files (x86)\Common Files\Oracle\Java\java8path;C:\Program Files (x86)\Common Files\Oracle\Java\javapath;C:\Windows\system32;C:\Windows;C:\Windows\System32\Wbem;C:\Windows\System32\WindowsPowerShell\v1.0\;C:\Windows\System32\OpenSSH\;C:\Program Files\Git\cmd;C:\Program Files\nodejs\;C:\ProgramData\chocolatey\bin;C:\Program Files (x86)\NVIDIA Corporation\PhysX\Common;C:\Program Files\MySQL\MySQL Shell 8.0\bin\;C:\Users\DELL 5490\AppData\Local\Microsoft\WindowsApps;C:\Users\DELL 5490\AppData\Local\Programs\Microsoft VS Code\bin;C:\Program Files\JetBrains\IntelliJ IDEA Community Edition 2025.1.3\bin;;C:\Users\DELL 5490\AppData\Roaming\npm
USERNAME=DELL 5490
OS=Windows_NT
PROCESSOR_IDENTIFIER=Intel64 Family 6 Model 142 Stepping 9, GenuineIntel
TMP=C:\Users\DELL54~1\AppData\Local\Temp
TEMP=C:\Users\DELL54~1\AppData\Local\Temp




Periodic native trim disabled

---------------  S Y S T E M  ---------------

OS:
 Windows 10 , 64 bit Build 21996 (10.0.21996.1)
OS uptime: 1 days 6:32 hours

CPU: total 4 (initial active 4) (2 cores per cpu, 2 threads per core) family 6 model 142 stepping 9 microcode 0xf6, cx8, cmov, fxsr, ht, mmx, 3dnowpref, sse, sse2, sse3, ssse3, sse4.1, sse4.2, popcnt, lzcnt, tsc, tscinvbit, avx, avx2, aes, erms, clmul, bmi1, bmi2, rtm, adx, fma, vzeroupper, clflush, clflushopt, rdtscp, f16c
Processor Information for processor 0
  Max Mhz: 2712, Current Mhz: 2611, Mhz Limit: 2603
Processor Information for processor 1
  Max Mhz: 2712, Current Mhz: 2611, Mhz Limit: 2603
Processor Information for processor 2
  Max Mhz: 2712, Current Mhz: 1506, Mhz Limit: 2603
Processor Information for processor 3
  Max Mhz: 2712, Current Mhz: 2611, Mhz Limit: 2603

Memory: 4k page, system-wide physical 8050M (429M free)
TotalPageFile size 8050M (AvailPageFile size 28M)
current process WorkingSet (physical memory assigned to process): 43M, peak: 43M
current process commit charge ("private bytes"): 203M, peak: 203M

vm_info: Java HotSpot(TM) 64-Bit Server VM (24.0.1+9-30) for windows-amd64 JRE (24.0.1+9-30), built on 2025-03-05T07:23:45Z with MS VC++ 17.6 (VS2022)

END.
